<html>
<body>
<pre>
<h1>礦ision Build Log</h1>
<h2>Tool Versions:</h2>
IDE-Version: μVision V5.30.0.0
Copyright (C) 2020 ARM Ltd and ARM Germany GmbH. All rights reserved.
License Information: 1 8615621, HP Inc., LIC=V85FJ-UNI62-QIJ5M-X8K43-N00QY-JYNVI
 
Tool Versions:
Toolchain:       MDK-ARM Professional  Version: 5.30.0.0
Toolchain Path:  C:\Keil_v5\ARM\ARMCC\Bin
C Compiler:      Armcc.exe V5.06 update 6 (build 750)
Assembler:       Armasm.exe V5.06 update 6 (build 750)
Linker/Locator:  ArmLink.exe V5.06 update 6 (build 750)
Library Manager: ArmAr.exe V5.06 update 6 (build 750)
Hex Converter:   FromElf.exe V5.06 update 6 (build 750)
CPU DLL:         SARMCM3.DLL V5.30.0.0
Dialog DLL:      DARMCM1.DLL V1.19.3.0
Target DLL:      Segger\JL2CM3.dll V2.99.34.0
Dialog DLL:      TARMCM1.DLL V1.14.2.0
 
<h2>Project:</h2>
D:\Repos\Stm32\称量(031k6)\Stm32F031Kb_GCZ03-2\Demo2\MDK-ARM\Demo2.uvprojx
Project File Date:  11/08/2021

<h2>Output:</h2>
*** Using Compiler 'V5.06 update 6 (build 750)', folder: 'C:\Keil_v5\ARM\ARMCC\Bin'
Build target 'Demo2'
compiling main.c...
../Core/Src/main.c(136): warning:  #223-D: function "sprintf" declared implicitly
          sprintf(buff, "AD1 = %x ,%.2f mv AD2= %x ,%.2f mv",lADValue[0], ADValues[0],lADValue[1],ADValues[1]);
../Core/Src/main.c(137): warning:  #223-D: function "strlen" declared implicitly
  			  HAL_UART_Transmit(&huart1,(uint8_t *)buff,strlen(buff),1000);
../Core/Src/main.c(92): warning:  #177-D: variable "CurrentChannelValue"  was declared but never referenced
  	u8 CurrentChannelValue=1;		//当前选择的是哪个通道,处于1~2 
../Core/Src/main.c(161): warning:  #188-D: enumerated type mixed with another type
    ad7799[0].channel=0;
../Core/Src/main.c(194): warning:  #188-D: enumerated type mixed with another type
  		    AD7799_SetChannel2(&ad7799[0],ChannelBuf[i]);//通道设置.		0~1
../Core/Src/main.c(210): warning:  #223-D: function "sprintf" declared implicitly
          sprintf(buff, "AD2= %x ,%.3f mv %.1f g gain=%d",
../Core/Src/main.c(212): warning:  #223-D: function "strlen" declared implicitly
  			  HAL_UART_Transmit(&huart1,(uint8_t *)buff,strlen(buff),1000);
../Core/Src/main.c(153): warning:  #177-D: variable "CurrentChannelValue"  was declared but never referenced
  	u8 CurrentChannelValue=1;		//当前选择的是哪个通道,处于1~2 
../Core/Src/main.c(230): warning:  #520-D: initialization with "{...}" expected for aggregate object
  	unsigned long lData[2]=0;
../Core/Src/main.c(229): warning:  #177-D: variable "i"  was declared but never referenced
  	uint16_t i=0;
../Core/Src/main.c(230): warning:  #177-D: variable "lData"  was declared but never referenced
  	unsigned long lData[2]=0;
../Core/Src/main.c: 11 warnings, 0 errors
linking...
Program Size: Code=10300 RO-data=232 RW-data=16 ZI-data=1384  
FromELF: creating hex file...
"Demo2\Demo2.axf" - 0 Error(s), 11 Warning(s).

<h2>Software Packages used:</h2>

Package Vendor: ARM
                http://www.keil.com/pack/ARM.CMSIS.5.7.0.pack
                ARM.CMSIS.5.7.0
                CMSIS (Cortex Microcontroller Software Interface Standard)
   * Component: CORE Version: 5.4.0

Package Vendor: Keil
                http://www.keil.com/pack/Keil.STM32F0xx_DFP.2.1.0.pack
                Keil.STM32F0xx_DFP.2.1.0
                STMicroelectronics STM32F0 Series Device Support, Drivers and Examples

<h2>Collection of Component include folders:</h2>
  .\RTE\_Demo2
  C:\Users\86156\AppData\Local\Arm\Packs\ARM\CMSIS\5.7.0\CMSIS\Core\Include
  C:\Users\86156\AppData\Local\Arm\Packs\Keil\STM32F0xx_DFP\2.1.0\Drivers\CMSIS\Device\ST\STM32F0xx\Include

<h2>Collection of Component Files used:</h2>

   * Component: ARM::CMSIS:CORE:5.4.0
Build Time Elapsed:  00:00:01
</pre>
</body>
</html>
